2026-04-02 06:08:08.083 [main] INFO  com.automation.config.ConfigLoader — ╔══════════════════════════════════════════╗
║         Configuração carregada           ║
╠══════════════════════════════════════════╣
║  Platform   : Android
║  Device     : emulator-5554
║  Appium URL : http://127.0.0.1:4723
╚══════════════════════════════════════════╝

2026-04-02 06:08:08.086 [main] INFO  c.automation.utils.ScreenshotUtils — Diretório de screenshots: /home/runner/work/outsera-cicd/outsera-cicd/reports/screenshots
2026-04-02 06:08:08.089 [main] INFO  com.automation.hooks.Hooks — ╔══════════════════════════════════════════════════════╗
║       📱 Mobile Automation — Suite Iniciada          ║
╚══════════════════════════════════════════════════════╝

2026-04-02 06:08:08.371 [main] INFO  com.automation.hooks.Hooks — ┌──────────────────────────────────────────────────────
│ ▶ Iniciando: Preenchimento completo com dados válidos e envio do pedido
│   Tags: [@formulario, @regression, @smoke]
└──────────────────────────────────────────────────────

2026-04-02 06:08:08.372 [main] INFO  c.automation.drivers.DriverManager — Inicializando driver | plataforma=android | device=emulator-5554
2026-04-02 06:08:28.644 [main] INFO  c.automation.drivers.DriverManager — Driver iniciado com sucesso. Session ID: 0a8b2747-9df4-4741-8b1a-eb53a8b909cf
2026-04-02 06:08:29.336 [main] INFO  com.automation.pages.LoginPage — Preenchendo username: standard_user
2026-04-02 06:08:29.336 [main] DEBUG com.automation.pages.LoginPage — Fill → 'standard_user'
2026-04-02 06:08:49.971 [main] INFO  com.automation.hooks.Hooks — ◀ Finalizando: Preenchimento completo com dados válidos e envio do pedido — Status: FAILED
2026-04-02 06:08:49.972 [main] WARN  com.automation.hooks.Hooks — ⚠ Cenário FALHOU — capturando screenshot como evidência
2026-04-02 06:08:50.576 [main] INFO  c.automation.utils.ScreenshotUtils — Screenshot salvo: /home/runner/work/outsera-cicd/outsera-cicd/reports/screenshots/Preenchimento_completo_com_dados_v_lidos_e_envio_do_pedido_20260402_060850.png
2026-04-02 06:08:51.338 [main] INFO  c.automation.drivers.DriverManager — Driver encerrado.
2026-04-02 06:08:51.384 [main] INFO  com.automation.hooks.Hooks — ┌──────────────────────────────────────────────────────
│ ▶ Iniciando: Login com credenciais válidas
│   Tags: [@login, @smoke, @regression]
└──────────────────────────────────────────────────────

2026-04-02 06:08:51.385 [main] INFO  c.automation.drivers.DriverManager — Inicializando driver | plataforma=android | device=emulator-5554
2026-04-02 06:08:58.952 [main] INFO  c.automation.drivers.DriverManager — Driver iniciado com sucesso. Session ID: 1e7a2ac5-54a7-49f2-bcaf-2d74201cdc0a
2026-04-02 06:09:19.736 [main] INFO  com.automation.hooks.Hooks — ◀ Finalizando: Login com credenciais válidas — Status: FAILED
2026-04-02 06:09:19.736 [main] WARN  com.automation.hooks.Hooks — ⚠ Cenário FALHOU — capturando screenshot como evidência
2026-04-02 06:09:20.168 [main] INFO  c.automation.utils.ScreenshotUtils — Screenshot salvo: /home/runner/work/outsera-cicd/outsera-cicd/reports/screenshots/Login_com_credenciais_v_lidas_20260402_060920.png
2026-04-02 06:09:20.519 [main] INFO  c.automation.drivers.DriverManager — Driver encerrado.
2026-04-02 06:09:20.535 [main] INFO  com.automation.hooks.Hooks — ┌──────────────────────────────────────────────────────
│ ▶ Iniciando: Logout após login bem-sucedido
│   Tags: [@login, @smoke, @regression]
└──────────────────────────────────────────────────────

2026-04-02 06:09:20.536 [main] INFO  c.automation.drivers.DriverManager — Inicializando driver | plataforma=android | device=emulator-5554
2026-04-02 06:09:25.833 [main] INFO  c.automation.drivers.DriverManager — Driver iniciado com sucesso. Session ID: 8e3cf687-c668-4f66-99a2-aa978ce6ae40
2026-04-02 06:09:46.562 [main] INFO  com.automation.hooks.Hooks — ◀ Finalizando: Logout após login bem-sucedido — Status: FAILED
2026-04-02 06:09:46.563 [main] WARN  com.automation.hooks.Hooks — ⚠ Cenário FALHOU — capturando screenshot como evidência
2026-04-02 06:09:46.948 [main] INFO  c.automation.utils.ScreenshotUtils — Screenshot salvo: /home/runner/work/outsera-cicd/outsera-cicd/reports/screenshots/Logout_ap_s_login_bem_sucedido_20260402_060946.png
2026-04-02 06:09:47.329 [main] INFO  c.automation.drivers.DriverManager — Driver encerrado.
2026-04-02 06:09:47.332 [main] INFO  com.automation.hooks.Hooks — ╔══════════════════════════════════════════════════════╗
║       ✅ Mobile Automation — Suite Finalizada        ║
║       Relatórios disponíveis em: reports/            ║
╚══════════════════════════════════════════════════════╝

2026-04-02 06:09:47.726 [main] INFO  c.automation.utils.ScreenshotUtils — Diretório de screenshots: /home/runner/work/outsera-cicd/outsera-cicd/reports/screenshots
2026-04-02 06:09:47.728 [main] INFO  com.automation.hooks.Hooks — ╔══════════════════════════════════════════════════════╗
║       📱 Mobile Automation — Suite Iniciada          ║
╚══════════════════════════════════════════════════════╝

2026-04-02 06:09:47.751 [main] INFO  com.automation.hooks.Hooks — ┌──────────────────────────────────────────────────────
│ ▶ Iniciando: Preenchimento completo com dados válidos e envio do pedido
│   Tags: [@formulario, @regression, @smoke]
└──────────────────────────────────────────────────────

2026-04-02 06:09:47.751 [main] INFO  c.automation.drivers.DriverManager — Inicializando driver | plataforma=android | device=emulator-5554
2026-04-02 06:09:53.439 [main] INFO  c.automation.drivers.DriverManager — Driver iniciado com sucesso. Session ID: 7958e496-7cd1-4fcf-ba8a-fe4624697de7
2026-04-02 06:09:53.605 [main] INFO  com.automation.pages.LoginPage — Preenchendo username: standard_user
2026-04-02 06:09:53.605 [main] DEBUG com.automation.pages.LoginPage — Fill → 'standard_user'
2026-04-02 06:10:14.160 [main] INFO  com.automation.hooks.Hooks — ◀ Finalizando: Preenchimento completo com dados válidos e envio do pedido — Status: FAILED
2026-04-02 06:10:14.161 [main] WARN  com.automation.hooks.Hooks — ⚠ Cenário FALHOU — capturando screenshot como evidência
2026-04-02 06:10:14.471 [main] INFO  c.automation.utils.ScreenshotUtils — Screenshot salvo: /home/runner/work/outsera-cicd/outsera-cicd/reports/screenshots/Preenchimento_completo_com_dados_v_lidos_e_envio_do_pedido_20260402_061014.png
2026-04-02 06:10:14.731 [main] INFO  c.automation.drivers.DriverManager — Driver encerrado.
2026-04-02 06:10:14.747 [main] INFO  com.automation.hooks.Hooks — ┌──────────────────────────────────────────────────────
│ ▶ Iniciando: Login com credenciais válidas
│   Tags: [@login, @smoke, @regression]
└──────────────────────────────────────────────────────

2026-04-02 06:10:14.747 [main] INFO  c.automation.drivers.DriverManager — Inicializando driver | plataforma=android | device=emulator-5554
2026-04-02 06:10:19.418 [main] INFO  c.automation.drivers.DriverManager — Driver iniciado com sucesso. Session ID: 1e9eb117-e5e8-4993-b07b-fc8c890248c4
2026-04-02 06:10:40.069 [main] INFO  com.automation.hooks.Hooks — ◀ Finalizando: Login com credenciais válidas — Status: FAILED
2026-04-02 06:10:40.069 [main] WARN  com.automation.hooks.Hooks — ⚠ Cenário FALHOU — capturando screenshot como evidência
2026-04-02 06:10:40.341 [main] INFO  c.automation.utils.ScreenshotUtils — Screenshot salvo: /home/runner/work/outsera-cicd/outsera-cicd/reports/screenshots/Login_com_credenciais_v_lidas_20260402_061040.png
2026-04-02 06:10:40.599 [main] INFO  c.automation.drivers.DriverManager — Driver encerrado.
2026-04-02 06:10:40.615 [main] INFO  com.automation.hooks.Hooks — ┌──────────────────────────────────────────────────────
│ ▶ Iniciando: Logout após login bem-sucedido
│   Tags: [@login, @smoke, @regression]
└──────────────────────────────────────────────────────

2026-04-02 06:10:40.616 [main] INFO  c.automation.drivers.DriverManager — Inicializando driver | plataforma=android | device=emulator-5554
2026-04-02 06:10:45.004 [main] INFO  c.automation.drivers.DriverManager — Driver iniciado com sucesso. Session ID: dad2f173-343f-4576-9623-37540e238d9a
2026-04-02 06:11:05.654 [main] INFO  com.automation.hooks.Hooks — ◀ Finalizando: Logout após login bem-sucedido — Status: FAILED
2026-04-02 06:11:05.654 [main] WARN  com.automation.hooks.Hooks — ⚠ Cenário FALHOU — capturando screenshot como evidência
2026-04-02 06:11:05.920 [main] INFO  c.automation.utils.ScreenshotUtils — Screenshot salvo: /home/runner/work/outsera-cicd/outsera-cicd/reports/screenshots/Logout_ap_s_login_bem_sucedido_20260402_061105.png
2026-04-02 06:11:06.161 [main] INFO  c.automation.drivers.DriverManager — Driver encerrado.
2026-04-02 06:11:06.164 [main] INFO  com.automation.hooks.Hooks — ╔══════════════════════════════════════════════════════╗
║       ✅ Mobile Automation — Suite Finalizada        ║
║       Relatórios disponíveis em: reports/            ║
╚══════════════════════════════════════════════════════╝

